{
	"Value": 0,
	"Children": [
		{
			"Value": 1,
			"Children": [
				{
					"Value": 3,
					"Children": [
						{
							"Value": 8,
							"Children": null
						},
						{
							"Value": 9,
							"Children": null
						}
					]
				},
				{
					"Value": 4,
					"Children": [
						{
							"Value": 10,
							"Children": null
						},
						{
							"Value": 11,
							"Children": null
						}
					]
				}
			]
		},
		{
			"Value": 2,
			"Children": [
				{
					"Value": 5,
					"Children": [
						{
							"Value": 12,
							"Children": null
						},
						{
							"Value": 13,
							"Children": null
						}
					]
				},
				{
					"Value": 6,
					"Children": [
						{
							"Value": 14,
							"Children": null
						},
						{
							"Value": 15,
							"Children": null
						}
					]
				}
			]
		}
	]
}