{
	"Value": 0,
	"Children": [
		{
			"Value": 1,
			"Children": [
				{
					"Value": 3,
					"Children": [
						{
							"Value": 8,
							"Children": [
								{
									"Value": 17,
									"Children": [
										{
											"Value": 34,
											"Children": [
												{
													"Value": 67,
													"Children": null
												},
												{
													"Value": 68,
													"Children": null
												}
											]
										},
										{
											"Value": 35,
											"Children": [
												{
													"Value": 69,
													"Children": null
												},
												{
													"Value": 70,
													"Children": null
												}
											]
										}
									]
								},
								{
									"Value": 18,
									"Children": [
										{
											"Value": 36,
											"Children": [
												{
													"Value": 71,
													"Children": null
												},
												{
													"Value": 72,
													"Children": null
												}
											]
										},
										{
											"Value": 37,
											"Children": [
												{
													"Value": 73,
													"Children": null
												},
												{
													"Value": 74,
													"Children": null
												}
											]
										}
									]
								}
							]
						},
						{
							"Value": 9,
							"Children": [
								{
									"Value": 19,
									"Children": [
										{
											"Value": 38,
											"Children": [
												{
													"Value": 75,
													"Children": null
												},
												{
													"Value": 76,
													"Children": null
												}
											]
										},
										{
											"Value": 39,
											"Children": [
												{
													"Value": 77,
													"Children": null
												},
												{
													"Value": 78,
													"Children": null
												}
											]
										}
									]
								},
								{
									"Value": 20,
									"Children": [
										{
											"Value": 40,
											"Children": [
												{
													"Value": 79,
													"Children": null
												},
												{
													"Value": 80,
													"Children": null
												}
											]
										},
										{
											"Value": 41,
											"Children": [
												{
													"Value": 81,
													"Children": null
												},
												{
													"Value": 82,
													"Children": null
												}
											]
										}
									]
								}
							]
						}
					]
				},
				{
					"Value": 4,
					"Children": [
						{
							"Value": 10,
							"Children": [
								{
									"Value": 21,
									"Children": [
										{
											"Value": 42,
											"Children": [
												{
													"Value": 83,
													"Children": null
												},
												{
													"Value": 84,
													"Children": null
												}
											]
										},
										{
											"Value": 43,
											"Children": [
												{
													"Value": 85,
													"Children": null
												},
												{
													"Value": 86,
													"Children": null
												}
											]
										}
									]
								},
								{
									"Value": 22,
									"Children": [
										{
											"Value": 44,
											"Children": [
												{
													"Value": 87,
													"Children": null
												},
												{
													"Value": 88,
													"Children": null
												}
											]
										},
										{
											"Value": 45,
											"Children": [
												{
													"Value": 89,
													"Children": null
												},
												{
													"Value": 90,
													"Children": null
												}
											]
										}
									]
								}
							]
						},
						{
							"Value": 11,
							"Children": [
								{
									"Value": 23,
									"Children": [
										{
											"Value": 46,
											"Children": [
												{
													"Value": 91,
													"Children": null
												},
												{
													"Value": 92,
													"Children": null
												}
											]
										},
										{
											"Value": 47,
											"Children": [
												{
													"Value": 93,
													"Children": null
												},
												{
													"Value": 94,
													"Children": null
												}
											]
										}
									]
								},
								{
									"Value": 24,
									"Children": [
										{
											"Value": 48,
											"Children": [
												{
													"Value": 95,
													"Children": null
												},
												{
													"Value": 96,
													"Children": null
												}
											]
										},
										{
											"Value": 49,
											"Children": [
												{
													"Value": 97,
													"Children": null
												},
												{
													"Value": 98,
													"Children": null
												}
											]
										}
									]
								}
							]
						}
					]
				}
			]
		},
		{
			"Value": 2,
			"Children": [
				{
					"Value": 5,
					"Children": [
						{
							"Value": 12,
							"Children": [
								{
									"Value": 25,
									"Children": [
										{
											"Value": 50,
											"Children": [
												{
													"Value": 99,
													"Children": null
												},
												{
													"Value": 100,
													"Children": null
												}
											]
										},
										{
											"Value": 51,
											"Children": [
												{
													"Value": 101,
													"Children": null
												},
												{
													"Value": 102,
													"Children": null
												}
											]
										}
									]
								},
								{
									"Value": 26,
									"Children": [
										{
											"Value": 52,
											"Children": [
												{
													"Value": 103,
													"Children": null
												},
												{
													"Value": 104,
													"Children": null
												}
											]
										},
										{
											"Value": 53,
											"Children": [
												{
													"Value": 105,
													"Children": null
												},
												{
													"Value": 106,
													"Children": null
												}
											]
										}
									]
								}
							]
						},
						{
							"Value": 13,
							"Children": [
								{
									"Value": 27,
									"Children": [
										{
											"Value": 54,
											"Children": [
												{
													"Value": 107,
													"Children": null
												},
												{
													"Value": 108,
													"Children": null
												}
											]
										},
										{
											"Value": 55,
											"Children": [
												{
													"Value": 109,
													"Children": null
												},
												{
													"Value": 110,
													"Children": null
												}
											]
										}
									]
								},
								{
									"Value": 28,
									"Children": [
										{
											"Value": 56,
											"Children": [
												{
													"Value": 111,
													"Children": null
												},
												{
													"Value": 112,
													"Children": null
												}
											]
										},
										{
											"Value": 57,
											"Children": [
												{
													"Value": 113,
													"Children": null
												},
												{
													"Value": 114,
													"Children": null
												}
											]
										}
									]
								}
							]
						}
					]
				},
				{
					"Value": 6,
					"Children": [
						{
							"Value": 14,
							"Children": [
								{
									"Value": 29,
									"Children": [
										{
											"Value": 58,
											"Children": [
												{
													"Value": 115,
													"Children": null
												},
												{
													"Value": 116,
													"Children": null
												}
											]
										},
										{
											"Value": 59,
											"Children": [
												{
													"Value": 117,
													"Children": null
												},
												{
													"Value": 118,
													"Children": null
												}
											]
										}
									]
								},
								{
									"Value": 30,
									"Children": [
										{
											"Value": 60,
											"Children": [
												{
													"Value": 119,
													"Children": null
												},
												{
													"Value": 120,
													"Children": null
												}
											]
										},
										{
											"Value": 61,
											"Children": [
												{
													"Value": 121,
													"Children": null
												},
												{
													"Value": 122,
													"Children": null
												}
											]
										}
									]
								}
							]
						},
						{
							"Value": 15,
							"Children": [
								{
									"Value": 31,
									"Children": [
										{
											"Value": 62,
											"Children": [
												{
													"Value": 123,
													"Children": null
												},
												{
													"Value": 124,
													"Children": null
												}
											]
										},
										{
											"Value": 63,
											"Children": [
												{
													"Value": 125,
													"Children": null
												},
												{
													"Value": 126,
													"Children": null
												}
											]
										}
									]
								},
								{
									"Value": 32,
									"Children": [
										{
											"Value": 64,
											"Children": [
												{
													"Value": 127,
													"Children": null
												},
												{
													"Value": 128,
													"Children": null
												}
											]
										},
										{
											"Value": 65,
											"Children": [
												{
													"Value": 129,
													"Children": null
												},
												{
													"Value": 130,
													"Children": null
												}
											]
										}
									]
								}
							]
						}
					]
				}
			]
		}
	]
}