{
	"Value": 0,
	"Children": [
		{
			"Value": 1,
			"Children": [
				{
					"Value": 3,
					"Children": [
						{
							"Value": 8,
							"Children": [
								{
									"Value": 17,
									"Children": [
										{
											"Value": 34,
											"Children": [
												{
													"Value": 67,
													"Children": [
														{
															"Value": 132,
															"Children": [
																{
																	"Value": 261,
																	"Children": null
																},
																{
																	"Value": 262,
																	"Children": null
																}
															]
														},
														{
															"Value": 133,
															"Children": [
																{
																	"Value": 263,
																	"Children": null
																},
																{
																	"Value": 264,
																	"Children": null
																}
															]
														}
													]
												},
												{
													"Value": 68,
													"Children": [
														{
															"Value": 134,
															"Children": [
																{
																	"Value": 265,
																	"Children": null
																},
																{
																	"Value": 266,
																	"Children": null
																}
															]
														},
														{
															"Value": 135,
															"Children": [
																{
																	"Value": 267,
																	"Children": null
																},
																{
																	"Value": 268,
																	"Children": null
																}
															]
														}
													]
												}
											]
										},
										{
											"Value": 35,
											"Children": [
												{
													"Value": 69,
													"Children": [
														{
															"Value": 136,
															"Children": [
																{
																	"Value": 269,
																	"Children": null
																},
																{
																	"Value": 270,
																	"Children": null
																}
															]
														},
														{
															"Value": 137,
															"Children": [
																{
																	"Value": 271,
																	"Children": null
																},
																{
																	"Value": 272,
																	"Children": null
																}
															]
														}
													]
												},
												{
													"Value": 70,
													"Children": [
														{
															"Value": 138,
															"Children": [
																{
																	"Value": 273,
																	"Children": null
																},
																{
																	"Value": 274,
																	"Children": null
																}
															]
														},
														{
															"Value": 139,
															"Children": [
																{
																	"Value": 275,
																	"Children": null
																},
																{
																	"Value": 276,
																	"Children": null
																}
															]
														}
													]
												}
											]
										}
									]
								},
								{
									"Value": 18,
									"Children": [
										{
											"Value": 36,
											"Children": [
												{
													"Value": 71,
													"Children": [
														{
															"Value": 140,
															"Children": [
																{
																	"Value": 277,
																	"Children": null
																},
																{
																	"Value": 278,
																	"Children": null
																}
															]
														},
														{
															"Value": 141,
															"Children": [
																{
																	"Value": 279,
																	"Children": null
																},
																{
																	"Value": 280,
																	"Children": null
																}
															]
														}
													]
												},
												{
													"Value": 72,
													"Children": [
														{
															"Value": 142,
															"Children": [
																{
																	"Value": 281,
																	"Children": null
																},
																{
																	"Value": 282,
																	"Children": null
																}
															]
														},
														{
															"Value": 143,
															"Children": [
																{
																	"Value": 283,
																	"Children": null
																},
																{
																	"Value": 284,
																	"Children": null
																}
															]
														}
													]
												}
											]
										},
										{
											"Value": 37,
											"Children": [
												{
													"Value": 73,
													"Children": [
														{
															"Value": 144,
															"Children": [
																{
																	"Value": 285,
																	"Children": null
																},
																{
																	"Value": 286,
																	"Children": null
																}
															]
														},
														{
															"Value": 145,
															"Children": [
																{
																	"Value": 287,
																	"Children": null
																},
																{
																	"Value": 288,
																	"Children": null
																}
															]
														}
													]
												},
												{
													"Value": 74,
													"Children": [
														{
															"Value": 146,
															"Children": [
																{
																	"Value": 289,
																	"Children": null
																},
																{
																	"Value": 290,
																	"Children": null
																}
															]
														},
														{
															"Value": 147,
															"Children": [
																{
																	"Value": 291,
																	"Children": null
																},
																{
																	"Value": 292,
																	"Children": null
																}
															]
														}
													]
												}
											]
										}
									]
								}
							]
						},
						{
							"Value": 9,
							"Children": [
								{
									"Value": 19,
									"Children": [
										{
											"Value": 38,
											"Children": [
												{
													"Value": 75,
													"Children": [
														{
															"Value": 148,
															"Children": [
																{
																	"Value": 293,
																	"Children": null
																},
																{
																	"Value": 294,
																	"Children": null
																}
															]
														},
														{
															"Value": 149,
															"Children": [
																{
																	"Value": 295,
																	"Children": null
																},
																{
																	"Value": 296,
																	"Children": null
																}
															]
														}
													]
												},
												{
													"Value": 76,
													"Children": [
														{
															"Value": 150,
															"Children": [
																{
																	"Value": 297,
																	"Children": null
																},
																{
																	"Value": 298,
																	"Children": null
																}
															]
														},
														{
															"Value": 151,
															"Children": [
																{
																	"Value": 299,
																	"Children": null
																},
																{
																	"Value": 300,
																	"Children": null
																}
															]
														}
													]
												}
											]
										},
										{
											"Value": 39,
											"Children": [
												{
													"Value": 77,
													"Children": [
														{
															"Value": 152,
															"Children": [
																{
																	"Value": 301,
																	"Children": null
																},
																{
																	"Value": 302,
																	"Children": null
																}
															]
														},
														{
															"Value": 153,
															"Children": [
																{
																	"Value": 303,
																	"Children": null
																},
																{
																	"Value": 304,
																	"Children": null
																}
															]
														}
													]
												},
												{
													"Value": 78,
													"Children": [
														{
															"Value": 154,
															"Children": [
																{
																	"Value": 305,
																	"Children": null
																},
																{
																	"Value": 306,
																	"Children": null
																}
															]
														},
														{
															"Value": 155,
															"Children": [
																{
																	"Value": 307,
																	"Children": null
																},
																{
																	"Value": 308,
																	"Children": null
																}
															]
														}
													]
												}
											]
										}
									]
								},
								{
									"Value": 20,
									"Children": [
										{
											"Value": 40,
											"Children": [
												{
													"Value": 79,
													"Children": [
														{
															"Value": 156,
															"Children": [
																{
																	"Value": 309,
																	"Children": null
																},
																{
																	"Value": 310,
																	"Children": null
																}
															]
														},
														{
															"Value": 157,
															"Children": [
																{
																	"Value": 311,
																	"Children": null
																},
																{
																	"Value": 312,
																	"Children": null
																}
															]
														}
													]
												},
												{
													"Value": 80,
													"Children": [
														{
															"Value": 158,
															"Children": [
																{
																	"Value": 313,
																	"Children": null
																},
																{
																	"Value": 314,
																	"Children": null
																}
															]
														},
														{
															"Value": 159,
															"Children": [
																{
																	"Value": 315,
																	"Children": null
																},
																{
																	"Value": 316,
																	"Children": null
																}
															]
														}
													]
												}
											]
										},
										{
											"Value": 41,
											"Children": [
												{
													"Value": 81,
													"Children": [
														{
															"Value": 160,
															"Children": [
																{
																	"Value": 317,
																	"Children": null
																},
																{
																	"Value": 318,
																	"Children": null
																}
															]
														},
														{
															"Value": 161,
															"Children": [
																{
																	"Value": 319,
																	"Children": null
																},
																{
																	"Value": 320,
																	"Children": null
																}
															]
														}
													]
												},
												{
													"Value": 82,
													"Children": [
														{
															"Value": 162,
															"Children": [
																{
																	"Value": 321,
																	"Children": null
																},
																{
																	"Value": 322,
																	"Children": null
																}
															]
														},
														{
															"Value": 163,
															"Children": [
																{
																	"Value": 323,
																	"Children": null
																},
																{
																	"Value": 324,
																	"Children": null
																}
															]
														}
													]
												}
											]
										}
									]
								}
							]
						}
					]
				},
				{
					"Value": 4,
					"Children": [
						{
							"Value": 10,
							"Children": [
								{
									"Value": 21,
									"Children": [
										{
											"Value": 42,
											"Children": [
												{
													"Value": 83,
													"Children": [
														{
															"Value": 164,
															"Children": [
																{
																	"Value": 325,
																	"Children": null
																},
																{
																	"Value": 326,
																	"Children": null
																}
															]
														},
														{
															"Value": 165,
															"Children": [
																{
																	"Value": 327,
																	"Children": null
																},
																{
																	"Value": 328,
																	"Children": null
																}
															]
														}
													]
												},
												{
													"Value": 84,
													"Children": [
														{
															"Value": 166,
															"Children": [
																{
																	"Value": 329,
																	"Children": null
																},
																{
																	"Value": 330,
																	"Children": null
																}
															]
														},
														{
															"Value": 167,
															"Children": [
																{
																	"Value": 331,
																	"Children": null
																},
																{
																	"Value": 332,
																	"Children": null
																}
															]
														}
													]
												}
											]
										},
										{
											"Value": 43,
											"Children": [
												{
													"Value": 85,
													"Children": [
														{
															"Value": 168,
															"Children": [
																{
																	"Value": 333,
																	"Children": null
																},
																{
																	"Value": 334,
																	"Children": null
																}
															]
														},
														{
															"Value": 169,
															"Children": [
																{
																	"Value": 335,
																	"Children": null
																},
																{
																	"Value": 336,
																	"Children": null
																}
															]
														}
													]
												},
												{
													"Value": 86,
													"Children": [
														{
															"Value": 170,
															"Children": [
																{
																	"Value": 337,
																	"Children": null
																},
																{
																	"Value": 338,
																	"Children": null
																}
															]
														},
														{
															"Value": 171,
															"Children": [
																{
																	"Value": 339,
																	"Children": null
																},
																{
																	"Value": 340,
																	"Children": null
																}
															]
														}
													]
												}
											]
										}
									]
								},
								{
									"Value": 22,
									"Children": [
										{
											"Value": 44,
											"Children": [
												{
													"Value": 87,
													"Children": [
														{
															"Value": 172,
															"Children": [
																{
																	"Value": 341,
																	"Children": null
																},
																{
																	"Value": 342,
																	"Children": null
																}
															]
														},
														{
															"Value": 173,
															"Children": [
																{
																	"Value": 343,
																	"Children": null
																},
																{
																	"Value": 344,
																	"Children": null
																}
															]
														}
													]
												},
												{
													"Value": 88,
													"Children": [
														{
															"Value": 174,
															"Children": [
																{
																	"Value": 345,
																	"Children": null
																},
																{
																	"Value": 346,
																	"Children": null
																}
															]
														},
														{
															"Value": 175,
															"Children": [
																{
																	"Value": 347,
																	"Children": null
																},
																{
																	"Value": 348,
																	"Children": null
																}
															]
														}
													]
												}
											]
										},
										{
											"Value": 45,
											"Children": [
												{
													"Value": 89,
													"Children": [
														{
															"Value": 176,
															"Children": [
																{
																	"Value": 349,
																	"Children": null
																},
																{
																	"Value": 350,
																	"Children": null
																}
															]
														},
														{
															"Value": 177,
															"Children": [
																{
																	"Value": 351,
																	"Children": null
																},
																{
																	"Value": 352,
																	"Children": null
																}
															]
														}
													]
												},
												{
													"Value": 90,
													"Children": [
														{
															"Value": 178,
															"Children": [
																{
																	"Value": 353,
																	"Children": null
																},
																{
																	"Value": 354,
																	"Children": null
																}
															]
														},
														{
															"Value": 179,
															"Children": [
																{
																	"Value": 355,
																	"Children": null
																},
																{
																	"Value": 356,
																	"Children": null
																}
															]
														}
													]
												}
											]
										}
									]
								}
							]
						},
						{
							"Value": 11,
							"Children": [
								{
									"Value": 23,
									"Children": [
										{
											"Value": 46,
											"Children": [
												{
													"Value": 91,
													"Children": [
														{
															"Value": 180,
															"Children": [
																{
																	"Value": 357,
																	"Children": null
																},
																{
																	"Value": 358,
																	"Children": null
																}
															]
														},
														{
															"Value": 181,
															"Children": [
																{
																	"Value": 359,
																	"Children": null
																},
																{
																	"Value": 360,
																	"Children": null
																}
															]
														}
													]
												},
												{
													"Value": 92,
													"Children": [
														{
															"Value": 182,
															"Children": [
																{
																	"Value": 361,
																	"Children": null
																},
																{
																	"Value": 362,
																	"Children": null
																}
															]
														},
														{
															"Value": 183,
															"Children": [
																{
																	"Value": 363,
																	"Children": null
																},
																{
																	"Value": 364,
																	"Children": null
																}
															]
														}
													]
												}
											]
										},
										{
											"Value": 47,
											"Children": [
												{
													"Value": 93,
													"Children": [
														{
															"Value": 184,
															"Children": [
																{
																	"Value": 365,
																	"Children": null
																},
																{
																	"Value": 366,
																	"Children": null
																}
															]
														},
														{
															"Value": 185,
															"Children": [
																{
																	"Value": 367,
																	"Children": null
																},
																{
																	"Value": 368,
																	"Children": null
																}
															]
														}
													]
												},
												{
													"Value": 94,
													"Children": [
														{
															"Value": 186,
															"Children": [
																{
																	"Value": 369,
																	"Children": null
																},
																{
																	"Value": 370,
																	"Children": null
																}
															]
														},
														{
															"Value": 187,
															"Children": [
																{
																	"Value": 371,
																	"Children": null
																},
																{
																	"Value": 372,
																	"Children": null
																}
															]
														}
													]
												}
											]
										}
									]
								},
								{
									"Value": 24,
									"Children": [
										{
											"Value": 48,
											"Children": [
												{
													"Value": 95,
													"Children": [
														{
															"Value": 188,
															"Children": [
																{
																	"Value": 373,
																	"Children": null
																},
																{
																	"Value": 374,
																	"Children": null
																}
															]
														},
														{
															"Value": 189,
															"Children": [
																{
																	"Value": 375,
																	"Children": null
																},
																{
																	"Value": 376,
																	"Children": null
																}
															]
														}
													]
												},
												{
													"Value": 96,
													"Children": [
														{
															"Value": 190,
															"Children": [
																{
																	"Value": 377,
																	"Children": null
																},
																{
																	"Value": 378,
																	"Children": null
																}
															]
														},
														{
															"Value": 191,
															"Children": [
																{
																	"Value": 379,
																	"Children": null
																},
																{
																	"Value": 380,
																	"Children": null
																}
															]
														}
													]
												}
											]
										},
										{
											"Value": 49,
											"Children": [
												{
													"Value": 97,
													"Children": [
														{
															"Value": 192,
															"Children": [
																{
																	"Value": 381,
																	"Children": null
																},
																{
																	"Value": 382,
																	"Children": null
																}
															]
														},
														{
															"Value": 193,
															"Children": [
																{
																	"Value": 383,
																	"Children": null
																},
																{
																	"Value": 384,
																	"Children": null
																}
															]
														}
													]
												},
												{
													"Value": 98,
													"Children": [
														{
															"Value": 194,
															"Children": [
																{
																	"Value": 385,
																	"Children": null
																},
																{
																	"Value": 386,
																	"Children": null
																}
															]
														},
														{
															"Value": 195,
															"Children": [
																{
																	"Value": 387,
																	"Children": null
																},
																{
																	"Value": 388,
																	"Children": null
																}
															]
														}
													]
												}
											]
										}
									]
								}
							]
						}
					]
				}
			]
		},
		{
			"Value": 2,
			"Children": [
				{
					"Value": 5,
					"Children": [
						{
							"Value": 12,
							"Children": [
								{
									"Value": 25,
									"Children": [
										{
											"Value": 50,
											"Children": [
												{
													"Value": 99,
													"Children": [
														{
															"Value": 196,
															"Children": [
																{
																	"Value": 389,
																	"Children": null
																},
																{
																	"Value": 390,
																	"Children": null
																}
															]
														},
														{
															"Value": 197,
															"Children": [
																{
																	"Value": 391,
																	"Children": null
																},
																{
																	"Value": 392,
																	"Children": null
																}
															]
														}
													]
												},
												{
													"Value": 100,
													"Children": [
														{
															"Value": 198,
															"Children": [
																{
																	"Value": 393,
																	"Children": null
																},
																{
																	"Value": 394,
																	"Children": null
																}
															]
														},
														{
															"Value": 199,
															"Children": [
																{
																	"Value": 395,
																	"Children": null
																},
																{
																	"Value": 396,
																	"Children": null
																}
															]
														}
													]
												}
											]
										},
										{
											"Value": 51,
											"Children": [
												{
													"Value": 101,
													"Children": [
														{
															"Value": 200,
															"Children": [
																{
																	"Value": 397,
																	"Children": null
																},
																{
																	"Value": 398,
																	"Children": null
																}
															]
														},
														{
															"Value": 201,
															"Children": [
																{
																	"Value": 399,
																	"Children": null
																},
																{
																	"Value": 400,
																	"Children": null
																}
															]
														}
													]
												},
												{
													"Value": 102,
													"Children": [
														{
															"Value": 202,
															"Children": [
																{
																	"Value": 401,
																	"Children": null
																},
																{
																	"Value": 402,
																	"Children": null
																}
															]
														},
														{
															"Value": 203,
															"Children": [
																{
																	"Value": 403,
																	"Children": null
																},
																{
																	"Value": 404,
																	"Children": null
																}
															]
														}
													]
												}
											]
										}
									]
								},
								{
									"Value": 26,
									"Children": [
										{
											"Value": 52,
											"Children": [
												{
													"Value": 103,
													"Children": [
														{
															"Value": 204,
															"Children": [
																{
																	"Value": 405,
																	"Children": null
																},
																{
																	"Value": 406,
																	"Children": null
																}
															]
														},
														{
															"Value": 205,
															"Children": [
																{
																	"Value": 407,
																	"Children": null
																},
																{
																	"Value": 408,
																	"Children": null
																}
															]
														}
													]
												},
												{
													"Value": 104,
													"Children": [
														{
															"Value": 206,
															"Children": [
																{
																	"Value": 409,
																	"Children": null
																},
																{
																	"Value": 410,
																	"Children": null
																}
															]
														},
														{
															"Value": 207,
															"Children": [
																{
																	"Value": 411,
																	"Children": null
																},
																{
																	"Value": 412,
																	"Children": null
																}
															]
														}
													]
												}
											]
										},
										{
											"Value": 53,
											"Children": [
												{
													"Value": 105,
													"Children": [
														{
															"Value": 208,
															"Children": [
																{
																	"Value": 413,
																	"Children": null
																},
																{
																	"Value": 414,
																	"Children": null
																}
															]
														},
														{
															"Value": 209,
															"Children": [
																{
																	"Value": 415,
																	"Children": null
																},
																{
																	"Value": 416,
																	"Children": null
																}
															]
														}
													]
												},
												{
													"Value": 106,
													"Children": [
														{
															"Value": 210,
															"Children": [
																{
																	"Value": 417,
																	"Children": null
																},
																{
																	"Value": 418,
																	"Children": null
																}
															]
														},
														{
															"Value": 211,
															"Children": [
																{
																	"Value": 419,
																	"Children": null
																},
																{
																	"Value": 420,
																	"Children": null
																}
															]
														}
													]
												}
											]
										}
									]
								}
							]
						},
						{
							"Value": 13,
							"Children": [
								{
									"Value": 27,
									"Children": [
										{
											"Value": 54,
											"Children": [
												{
													"Value": 107,
													"Children": [
														{
															"Value": 212,
															"Children": [
																{
																	"Value": 421,
																	"Children": null
																},
																{
																	"Value": 422,
																	"Children": null
																}
															]
														},
														{
															"Value": 213,
															"Children": [
																{
																	"Value": 423,
																	"Children": null
																},
																{
																	"Value": 424,
																	"Children": null
																}
															]
														}
													]
												},
												{
													"Value": 108,
													"Children": [
														{
															"Value": 214,
															"Children": [
																{
																	"Value": 425,
																	"Children": null
																},
																{
																	"Value": 426,
																	"Children": null
																}
															]
														},
														{
															"Value": 215,
															"Children": [
																{
																	"Value": 427,
																	"Children": null
																},
																{
																	"Value": 428,
																	"Children": null
																}
															]
														}
													]
												}
											]
										},
										{
											"Value": 55,
											"Children": [
												{
													"Value": 109,
													"Children": [
														{
															"Value": 216,
															"Children": [
																{
																	"Value": 429,
																	"Children": null
																},
																{
																	"Value": 430,
																	"Children": null
																}
															]
														},
														{
															"Value": 217,
															"Children": [
																{
																	"Value": 431,
																	"Children": null
																},
																{
																	"Value": 432,
																	"Children": null
																}
															]
														}
													]
												},
												{
													"Value": 110,
													"Children": [
														{
															"Value": 218,
															"Children": [
																{
																	"Value": 433,
																	"Children": null
																},
																{
																	"Value": 434,
																	"Children": null
																}
															]
														},
														{
															"Value": 219,
															"Children": [
																{
																	"Value": 435,
																	"Children": null
																},
																{
																	"Value": 436,
																	"Children": null
																}
															]
														}
													]
												}
											]
										}
									]
								},
								{
									"Value": 28,
									"Children": [
										{
											"Value": 56,
											"Children": [
												{
													"Value": 111,
													"Children": [
														{
															"Value": 220,
															"Children": [
																{
																	"Value": 437,
																	"Children": null
																},
																{
																	"Value": 438,
																	"Children": null
																}
															]
														},
														{
															"Value": 221,
															"Children": [
																{
																	"Value": 439,
																	"Children": null
																},
																{
																	"Value": 440,
																	"Children": null
																}
															]
														}
													]
												},
												{
													"Value": 112,
													"Children": [
														{
															"Value": 222,
															"Children": [
																{
																	"Value": 441,
																	"Children": null
																},
																{
																	"Value": 442,
																	"Children": null
																}
															]
														},
														{
															"Value": 223,
															"Children": [
																{
																	"Value": 443,
																	"Children": null
																},
																{
																	"Value": 444,
																	"Children": null
																}
															]
														}
													]
												}
											]
										},
										{
											"Value": 57,
											"Children": [
												{
													"Value": 113,
													"Children": [
														{
															"Value": 224,
															"Children": [
																{
																	"Value": 445,
																	"Children": null
																},
																{
																	"Value": 446,
																	"Children": null
																}
															]
														},
														{
															"Value": 225,
															"Children": [
																{
																	"Value": 447,
																	"Children": null
																},
																{
																	"Value": 448,
																	"Children": null
																}
															]
														}
													]
												},
												{
													"Value": 114,
													"Children": [
														{
															"Value": 226,
															"Children": [
																{
																	"Value": 449,
																	"Children": null
																},
																{
																	"Value": 450,
																	"Children": null
																}
															]
														},
														{
															"Value": 227,
															"Children": [
																{
																	"Value": 451,
																	"Children": null
																},
																{
																	"Value": 452,
																	"Children": null
																}
															]
														}
													]
												}
											]
										}
									]
								}
							]
						}
					]
				},
				{
					"Value": 6,
					"Children": [
						{
							"Value": 14,
							"Children": [
								{
									"Value": 29,
									"Children": [
										{
											"Value": 58,
											"Children": [
												{
													"Value": 115,
													"Children": [
														{
															"Value": 228,
															"Children": [
																{
																	"Value": 453,
																	"Children": null
																},
																{
																	"Value": 454,
																	"Children": null
																}
															]
														},
														{
															"Value": 229,
															"Children": [
																{
																	"Value": 455,
																	"Children": null
																},
																{
																	"Value": 456,
																	"Children": null
																}
															]
														}
													]
												},
												{
													"Value": 116,
													"Children": [
														{
															"Value": 230,
															"Children": [
																{
																	"Value": 457,
																	"Children": null
																},
																{
																	"Value": 458,
																	"Children": null
																}
															]
														},
														{
															"Value": 231,
															"Children": [
																{
																	"Value": 459,
																	"Children": null
																},
																{
																	"Value": 460,
																	"Children": null
																}
															]
														}
													]
												}
											]
										},
										{
											"Value": 59,
											"Children": [
												{
													"Value": 117,
													"Children": [
														{
															"Value": 232,
															"Children": [
																{
																	"Value": 461,
																	"Children": null
																},
																{
																	"Value": 462,
																	"Children": null
																}
															]
														},
														{
															"Value": 233,
															"Children": [
																{
																	"Value": 463,
																	"Children": null
																},
																{
																	"Value": 464,
																	"Children": null
																}
															]
														}
													]
												},
												{
													"Value": 118,
													"Children": [
														{
															"Value": 234,
															"Children": [
																{
																	"Value": 465,
																	"Children": null
																},
																{
																	"Value": 466,
																	"Children": null
																}
															]
														},
														{
															"Value": 235,
															"Children": [
																{
																	"Value": 467,
																	"Children": null
																},
																{
																	"Value": 468,
																	"Children": null
																}
															]
														}
													]
												}
											]
										}
									]
								},
								{
									"Value": 30,
									"Children": [
										{
											"Value": 60,
											"Children": [
												{
													"Value": 119,
													"Children": [
														{
															"Value": 236,
															"Children": [
																{
																	"Value": 469,
																	"Children": null
																},
																{
																	"Value": 470,
																	"Children": null
																}
															]
														},
														{
															"Value": 237,
															"Children": [
																{
																	"Value": 471,
																	"Children": null
																},
																{
																	"Value": 472,
																	"Children": null
																}
															]
														}
													]
												},
												{
													"Value": 120,
													"Children": [
														{
															"Value": 238,
															"Children": [
																{
																	"Value": 473,
																	"Children": null
																},
																{
																	"Value": 474,
																	"Children": null
																}
															]
														},
														{
															"Value": 239,
															"Children": [
																{
																	"Value": 475,
																	"Children": null
																},
																{
																	"Value": 476,
																	"Children": null
																}
															]
														}
													]
												}
											]
										},
										{
											"Value": 61,
											"Children": [
												{
													"Value": 121,
													"Children": [
														{
															"Value": 240,
															"Children": [
																{
																	"Value": 477,
																	"Children": null
																},
																{
																	"Value": 478,
																	"Children": null
																}
															]
														},
														{
															"Value": 241,
															"Children": [
																{
																	"Value": 479,
																	"Children": null
																},
																{
																	"Value": 480,
																	"Children": null
																}
															]
														}
													]
												},
												{
													"Value": 122,
													"Children": [
														{
															"Value": 242,
															"Children": [
																{
																	"Value": 481,
																	"Children": null
																},
																{
																	"Value": 482,
																	"Children": null
																}
															]
														},
														{
															"Value": 243,
															"Children": [
																{
																	"Value": 483,
																	"Children": null
																},
																{
																	"Value": 484,
																	"Children": null
																}
															]
														}
													]
												}
											]
										}
									]
								}
							]
						},
						{
							"Value": 15,
							"Children": [
								{
									"Value": 31,
									"Children": [
										{
											"Value": 62,
											"Children": [
												{
													"Value": 123,
													"Children": [
														{
															"Value": 244,
															"Children": [
																{
																	"Value": 485,
																	"Children": null
																},
																{
																	"Value": 486,
																	"Children": null
																}
															]
														},
														{
															"Value": 245,
															"Children": [
																{
																	"Value": 487,
																	"Children": null
																},
																{
																	"Value": 488,
																	"Children": null
																}
															]
														}
													]
												},
												{
													"Value": 124,
													"Children": [
														{
															"Value": 246,
															"Children": [
																{
																	"Value": 489,
																	"Children": null
																},
																{
																	"Value": 490,
																	"Children": null
																}
															]
														},
														{
															"Value": 247,
															"Children": [
																{
																	"Value": 491,
																	"Children": null
																},
																{
																	"Value": 492,
																	"Children": null
																}
															]
														}
													]
												}
											]
										},
										{
											"Value": 63,
											"Children": [
												{
													"Value": 125,
													"Children": [
														{
															"Value": 248,
															"Children": [
																{
																	"Value": 493,
																	"Children": null
																},
																{
																	"Value": 494,
																	"Children": null
																}
															]
														},
														{
															"Value": 249,
															"Children": [
																{
																	"Value": 495,
																	"Children": null
																},
																{
																	"Value": 496,
																	"Children": null
																}
															]
														}
													]
												},
												{
													"Value": 126,
													"Children": [
														{
															"Value": 250,
															"Children": [
																{
																	"Value": 497,
																	"Children": null
																},
																{
																	"Value": 498,
																	"Children": null
																}
															]
														},
														{
															"Value": 251,
															"Children": [
																{
																	"Value": 499,
																	"Children": null
																},
																{
																	"Value": 500,
																	"Children": null
																}
															]
														}
													]
												}
											]
										}
									]
								},
								{
									"Value": 32,
									"Children": [
										{
											"Value": 64,
											"Children": [
												{
													"Value": 127,
													"Children": [
														{
															"Value": 252,
															"Children": [
																{
																	"Value": 501,
																	"Children": null
																},
																{
																	"Value": 502,
																	"Children": null
																}
															]
														},
														{
															"Value": 253,
															"Children": [
																{
																	"Value": 503,
																	"Children": null
																},
																{
																	"Value": 504,
																	"Children": null
																}
															]
														}
													]
												},
												{
													"Value": 128,
													"Children": [
														{
															"Value": 254,
															"Children": [
																{
																	"Value": 505,
																	"Children": null
																},
																{
																	"Value": 506,
																	"Children": null
																}
															]
														},
														{
															"Value": 255,
															"Children": [
																{
																	"Value": 507,
																	"Children": null
																},
																{
																	"Value": 508,
																	"Children": null
																}
															]
														}
													]
												}
											]
										},
										{
											"Value": 65,
											"Children": [
												{
													"Value": 129,
													"Children": [
														{
															"Value": 256,
															"Children": [
																{
																	"Value": 509,
																	"Children": null
																},
																{
																	"Value": 510,
																	"Children": null
																}
															]
														},
														{
															"Value": 257,
															"Children": [
																{
																	"Value": 511,
																	"Children": null
																},
																{
																	"Value": 512,
																	"Children": null
																}
															]
														}
													]
												},
												{
													"Value": 130,
													"Children": [
														{
															"Value": 258,
															"Children": [
																{
																	"Value": 513,
																	"Children": null
																},
																{
																	"Value": 514,
																	"Children": null
																}
															]
														},
														{
															"Value": 259,
															"Children": [
																{
																	"Value": 515,
																	"Children": null
																},
																{
																	"Value": 516,
																	"Children": null
																}
															]
														}
													]
												}
											]
										}
									]
								}
							]
						}
					]
				}
			]
		}
	]
}